// Jest Snapshot v1, https://goo.gl/fbAQLP

exports[`should fetch the report URL corresponding to the route param 1`] = `
<div
  data-reactroot=""
>
  <div
    class="alert alert-success"
  >
    <strong>
      Bingo.
    </strong>
    <!-- react-text: 15 -->
     Everything looks good.
    <!-- /react-text -->
  </div>
  <h2>
    <!-- react-text: 17 -->
    Report for 
    <!-- /react-text -->
    <a
      class="rr-mask"
      href=""
    />
  </h2>
  <div>
    <h3>
      URL
    </h3>
    <ul>
      <li>
        <a
          class="rr-mask"
          href=""
        />
      </li>
    </ul>
    <!-- react-text: 24 -->
    <!-- /react-text -->
    <h3>
      <!-- react-text: 26 -->
      Errors
      <!-- /react-text -->
      <!-- react-text: 27 -->
       
      <!-- /react-text -->
      <span
        class="badge"
      >
        0
      </span>
    </h3>
    <ul />
    <h3>
      <!-- react-text: 31 -->
      Warnings
      <!-- /react-text -->
      <!-- react-text: 32 -->
       
      <!-- /react-text -->
      <span
        class="badge"
      >
        0
      </span>
    </h3>
    <ul />
  </div>
</div>
`;
